Archive member included to satisfy reference by file (symbol)

c:/st/stm32cubeide_1.4.0/stm32cubeide/plugins/com.st.stm32cube.ide.mcu.externaltools.gnu-tools-for-stm32.7-2018-q2-update.win32_1.5.0.202011040924/tools/bin/../lib/gcc/arm-none-eabi/7.3.1/../../../../arm-none-eabi/lib/thumb/v7e-m/fpv4-sp/hard\libc_nano.a(lib_a-errno.o)
                              Core/Src/syscalls.o (__errno)
c:/st/stm32cubeide_1.4.0/stm32cubeide/plugins/com.st.stm32cube.ide.mcu.externaltools.gnu-tools-for-stm32.7-2018-q2-update.win32_1.5.0.202011040924/tools/bin/../lib/gcc/arm-none-eabi/7.3.1/../../../../arm-none-eabi/lib/thumb/v7e-m/fpv4-sp/hard\libc_nano.a(lib_a-exit.o)
                              c:/st/stm32cubeide_1.4.0/stm32cubeide/plugins/com.st.stm32cube.ide.mcu.externaltools.gnu-tools-for-stm32.7-2018-q2-update.win32_1.5.0.202011040924/tools/bin/../lib/gcc/arm-none-eabi/7.3.1/../../../../arm-none-eabi/lib/thumb/v7e-m/fpv4-sp/hard/crt0.o (exit)
c:/st/stm32cubeide_1.4.0/stm32cubeide/plugins/com.st.stm32cube.ide.mcu.externaltools.gnu-tools-for-stm32.7-2018-q2-update.win32_1.5.0.202011040924/tools/bin/../lib/gcc/arm-none-eabi/7.3.1/../../../../arm-none-eabi/lib/thumb/v7e-m/fpv4-sp/hard\libc_nano.a(lib_a-impure.o)
                              c:/st/stm32cubeide_1.4.0/stm32cubeide/plugins/com.st.stm32cube.ide.mcu.externaltools.gnu-tools-for-stm32.7-2018-q2-update.win32_1.5.0.202011040924/tools/bin/../lib/gcc/arm-none-eabi/7.3.1/../../../../arm-none-eabi/lib/thumb/v7e-m/fpv4-sp/hard\libc_nano.a(lib_a-exit.o) (_global_impure_ptr)
c:/st/stm32cubeide_1.4.0/stm32cubeide/plugins/com.st.stm32cube.ide.mcu.externaltools.gnu-tools-for-stm32.7-2018-q2-update.win32_1.5.0.202011040924/tools/bin/../lib/gcc/arm-none-eabi/7.3.1/../../../../arm-none-eabi/lib/thumb/v7e-m/fpv4-sp/hard\libc_nano.a(lib_a-init.o)
                              c:/st/stm32cubeide_1.4.0/stm32cubeide/plugins/com.st.stm32cube.ide.mcu.externaltools.gnu-tools-for-stm32.7-2018-q2-update.win32_1.5.0.202011040924/tools/bin/../lib/gcc/arm-none-eabi/7.3.1/../../../../arm-none-eabi/lib/thumb/v7e-m/fpv4-sp/hard/crt0.o (__libc_init_array)
c:/st/stm32cubeide_1.4.0/stm32cubeide/plugins/com.st.stm32cube.ide.mcu.externaltools.gnu-tools-for-stm32.7-2018-q2-update.win32_1.5.0.202011040924/tools/bin/../lib/gcc/arm-none-eabi/7.3.1/../../../../arm-none-eabi/lib/thumb/v7e-m/fpv4-sp/hard\libc_nano.a(lib_a-memset.o)
                              c:/st/stm32cubeide_1.4.0/stm32cubeide/plugins/com.st.stm32cube.ide.mcu.externaltools.gnu-tools-for-stm32.7-2018-q2-update.win32_1.5.0.202011040924/tools/bin/../lib/gcc/arm-none-eabi/7.3.1/../../../../arm-none-eabi/lib/thumb/v7e-m/fpv4-sp/hard/crt0.o (memset)
c:/st/stm32cubeide_1.4.0/stm32cubeide/plugins/com.st.stm32cube.ide.mcu.externaltools.gnu-tools-for-stm32.7-2018-q2-update.win32_1.5.0.202011040924/tools/bin/../lib/gcc/arm-none-eabi/7.3.1/thumb/v7e-m/fpv4-sp/hard\libgcc.a(_arm_addsubdf3.o)
                              Core/Src/main.o (__aeabi_dadd)
c:/st/stm32cubeide_1.4.0/stm32cubeide/plugins/com.st.stm32cube.ide.mcu.externaltools.gnu-tools-for-stm32.7-2018-q2-update.win32_1.5.0.202011040924/tools/bin/../lib/gcc/arm-none-eabi/7.3.1/thumb/v7e-m/fpv4-sp/hard\libgcc.a(_arm_muldivdf3.o)
                              Core/Src/main.o (__aeabi_dmul)
c:/st/stm32cubeide_1.4.0/stm32cubeide/plugins/com.st.stm32cube.ide.mcu.externaltools.gnu-tools-for-stm32.7-2018-q2-update.win32_1.5.0.202011040924/tools/bin/../lib/gcc/arm-none-eabi/7.3.1/thumb/v7e-m/fpv4-sp/hard\libgcc.a(_arm_fixunsdfsi.o)
                              Core/Src/main.o (__aeabi_d2uiz)
c:/st/stm32cubeide_1.4.0/stm32cubeide/plugins/com.st.stm32cube.ide.mcu.externaltools.gnu-tools-for-stm32.7-2018-q2-update.win32_1.5.0.202011040924/tools/bin/../lib/gcc/arm-none-eabi/7.3.1/thumb/v7e-m/fpv4-sp/hard\libgcc.a(_arm_truncdfsf2.o)
                              Core/Src/main.o (__aeabi_d2f)
c:/st/stm32cubeide_1.4.0/stm32cubeide/plugins/com.st.stm32cube.ide.mcu.externaltools.gnu-tools-for-stm32.7-2018-q2-update.win32_1.5.0.202011040924/tools/bin/../lib/gcc/arm-none-eabi/7.3.1/thumb/v7e-m/fpv4-sp/hard\libgcc.a(_aeabi_uldivmod.o)
                              Drivers/STM32F4xx_HAL_Driver/Src/stm32f4xx_hal_rcc.o (__aeabi_uldivmod)
c:/st/stm32cubeide_1.4.0/stm32cubeide/plugins/com.st.stm32cube.ide.mcu.externaltools.gnu-tools-for-stm32.7-2018-q2-update.win32_1.5.0.202011040924/tools/bin/../lib/gcc/arm-none-eabi/7.3.1/thumb/v7e-m/fpv4-sp/hard\libgcc.a(_udivmoddi4.o)
                              c:/st/stm32cubeide_1.4.0/stm32cubeide/plugins/com.st.stm32cube.ide.mcu.externaltools.gnu-tools-for-stm32.7-2018-q2-update.win32_1.5.0.202011040924/tools/bin/../lib/gcc/arm-none-eabi/7.3.1/thumb/v7e-m/fpv4-sp/hard\libgcc.a(_aeabi_uldivmod.o) (__udivmoddi4)
c:/st/stm32cubeide_1.4.0/stm32cubeide/plugins/com.st.stm32cube.ide.mcu.externaltools.gnu-tools-for-stm32.7-2018-q2-update.win32_1.5.0.202011040924/tools/bin/../lib/gcc/arm-none-eabi/7.3.1/thumb/v7e-m/fpv4-sp/hard\libgcc.a(_dvmd_tls.o)
[...]
Memory Configuration

Name             Origin             Length             Attributes
CCMRAM           0x0000000010000000 0x0000000000010000 xrw
RAM              0x0000000020000000 0x0000000000020000 xrw
FLASH            0x0000000008000000 0x0000000000100000 xr
*default*        0x0000000000000000 0xffffffffffffffff

Linker script and memory map

LOAD c:/st/stm32cubeide_1.4.0/stm32cubeide/plugins/com.st.stm32cube.ide.mcu.externaltools.gnu-tools-for-stm32.7-2018-q2-update.win32_1.5.0.202011040924/tools/bin/../lib/gcc/arm-none-eabi/7.3.1/thumb/v7e-m/fpv4-sp/hard/crti.o
LOAD c:/st/stm32cubeide_1.4.0/stm32cubeide/plugins/com.st.stm32cube.ide.mcu.externaltools.gnu-tools-for-stm32.7-2018-q2-update.win32_1.5.0.202011040924/tools/bin/../lib/gcc/arm-none-eabi/7.3.1/thumb/v7e-m/fpv4-sp/hard/crtbegin.o
LOAD c:/st/stm32cubeide_1.4.0/stm32cubeide/plugins/com.st.stm32cube.ide.mcu.externaltools.gnu-tools-for-stm32.7-2018-q2-update.win32_1.5.0.202011040924/tools/bin/../lib/gcc/arm-none-eabi/7.3.1/../../../../arm-none-eabi/lib/thumb/v7e-m/fpv4-sp/hard/crt0.o
LOAD Core/Src/main.o
LOAD Core/Src/stm32f4xx_hal_msp.o
LOAD Core/Src/stm32f4xx_it.o
LOAD Core/Src/syscalls.o
LOAD Core/Src/sysmem.o
LOAD Core/Src/system_stm32f4xx.o
LOAD Core/Startup/startup_stm32f407vgtx.o
LOAD Drivers/STM32F4xx_HAL_Driver/Src/stm32f4xx_hal.o
LOAD Drivers/STM32F4xx_HAL_Driver/Src/stm32f4xx_hal_adc.o
LOAD Drivers/STM32F4xx_HAL_Driver/Src/stm32f4xx_hal_adc_ex.o
LOAD Drivers/STM32F4xx_HAL_Driver/Src/stm32f4xx_hal_cortex.o
LOAD Drivers/STM32F4xx_HAL_Driver/Src/stm32f4xx_hal_dma.o
LOAD Drivers/STM32F4xx_HAL_Driver/Src/stm32f4xx_hal_dma_ex.o
LOAD Drivers/STM32F4xx_HAL_Driver/Src/stm32f4xx_hal_exti.o
LOAD Drivers/STM32F4xx_HAL_Driver/Src/stm32f4xx_hal_flash.o
LOAD Drivers/STM32F4xx_HAL_Driver/Src/stm32f4xx_hal_flash_ex.o
LOAD Drivers/STM32F4xx_HAL_Driver/Src/stm32f4xx_hal_flash_ramfunc.o
LOAD Drivers/STM32F4xx_HAL_Driver/Src/stm32f4xx_hal_gpio.o
LOAD Drivers/STM32F4xx_HAL_Driver/Src/stm32f4xx_hal_pwr.o
LOAD Drivers/STM32F4xx_HAL_Driver/Src/stm32f4xx_hal_pwr_ex.o
LOAD Drivers/STM32F4xx_HAL_Driver/Src/stm32f4xx_hal_rcc.o
LOAD Drivers/STM32F4xx_HAL_Driver/Src/stm32f4xx_hal_rcc_ex.o
LOAD Drivers/STM32F4xx_HAL_Driver/Src/stm32f4xx_hal_tim.o
LOAD Drivers/STM32F4xx_HAL_Driver/Src/stm32f4xx_hal_tim_ex.o
START GROUP
LOAD c:/st/stm32cubeide_1.4.0/stm32cubeide/plugins/com.st.stm32cube.ide.mcu.externaltools.gnu-tools-for-stm32.7-2018-q2-update.win32_1.5.0.202011040924/tools/bin/../lib/gcc/arm-none-eabi/7.3.1/../../../../arm-none-eabi/lib/thumb/v7e-m/fpv4-sp/hard\libc_nano.a
LOAD c:/st/stm32cubeide_1.4.0/stm32cubeide/plugins/com.st.stm32cube.ide.mcu.externaltools.gnu-tools-for-stm32.7-2018-q2-update.win32_1.5.0.202011040924/tools/bin/../lib/gcc/arm-none-eabi/7.3.1/../../../../arm-none-eabi/lib/thumb/v7e-m/fpv4-sp/hard\libm.a
END GROUP
START GROUP
LOAD c:/st/stm32cubeide_1.4.0/stm32cubeide/plugins/com.st.stm32cube.ide.mcu.externaltools.gnu-tools-for-stm32.7-2018-q2-update.win32_1.5.0.202011040924/tools/bin/../lib/gcc/arm-none-eabi/7.3.1/thumb/v7e-m/fpv4-sp/hard\libgcc.a
LOAD c:/st/stm32cubeide_1.4.0/stm32cubeide/plugins/com.st.stm32cube.ide.mcu.externaltools.gnu-tools-for-stm32.7-2018-q2-update.win32_1.5.0.202011040924/tools/bin/../lib/gcc/arm-none-eabi/7.3.1/../../../../arm-none-eabi/lib/thumb/v7e-m/fpv4-sp/hard\libc_nano.a
END GROUP
START GROUP
LOAD c:/st/stm32cubeide_1.4.0/stm32cubeide/plugins/com.st.stm32cube.ide.mcu.externaltools.gnu-tools-for-stm32.7-2018-q2-update.win32_1.5.0.202011040924/tools/bin/../lib/gcc/arm-none-eabi/7.3.1/thumb/v7e-m/fpv4-sp/hard\libgcc.a
LOAD c:/st/stm32cubeide_1.4.0/stm32cubeide/plugins/com.st.stm32cube.ide.mcu.externaltools.gnu-tools-for-stm32.7-2018-q2-update.win32_1.5.0.202011040924/tools/bin/../lib/gcc/arm-none-eabi/7.3.1/../../../../arm-none-eabi/lib/thumb/v7e-m/fpv4-sp/hard\libc_nano.a
LOAD c:/st/stm32cubeide_1.4.0/stm32cubeide/plugins/com.st.stm32cube.ide.mcu.externaltools.gnu-tools-for-stm32.7-2018-q2-update.win32_1.5.0.202011040924/tools/bin/../lib/gcc/arm-none-eabi/7.3.1/../../../../arm-none-eabi/lib/thumb/v7e-m/fpv4-sp/hard\libnosys.a
END GROUP
START GROUP
LOAD c:/st/stm32cubeide_1.4.0/stm32cubeide/plugins/com.st.stm32cube.ide.mcu.externaltools.gnu-tools-for-stm32.7-2018-q2-update.win32_1.5.0.202011040924/tools/bin/../lib/gcc/arm-none-eabi/7.3.1/thumb/v7e-m/fpv4-sp/hard\libgcc.a
LOAD c:/st/stm32cubeide_1.4.0/stm32cubeide/plugins/com.st.stm32cube.ide.mcu.externaltools.gnu-tools-for-stm32.7-2018-q2-update.win32_1.5.0.202011040924/tools/bin/../lib/gcc/arm-none-eabi/7.3.1/../../../../arm-none-eabi/lib/thumb/v7e-m/fpv4-sp/hard\libc_nano.a
LOAD c:/st/stm32cubeide_1.4.0/stm32cubeide/plugins/com.st.stm32cube.ide.mcu.externaltools.gnu-tools-for-stm32.7-2018-q2-update.win32_1.5.0.202011040924/tools/bin/../lib/gcc/arm-none-eabi/7.3.1/../../../../arm-none-eabi/lib/thumb/v7e-m/fpv4-sp/hard\libnosys.a
END GROUP
LOAD c:/st/stm32cubeide_1.4.0/stm32cubeide/plugins/com.st.stm32cube.ide.mcu.externaltools.gnu-tools-for-stm32.7-2018-q2-update.win32_1.5.0.202011040924/tools/bin/../lib/gcc/arm-none-eabi/7.3.1/thumb/v7e-m/fpv4-sp/hard/crtend.o
LOAD c:/st/stm32cubeide_1.4.0/stm32cubeide/plugins/com.st.stm32cube.ide.mcu.externaltools.gnu-tools-for-stm32.7-2018-q2-update.win32_1.5.0.202011040924/tools/bin/../lib/gcc/arm-none-eabi/7.3.1/thumb/v7e-m/fpv4-sp/hard/crtn.o
                0x0000000020020000                _estack = (ORIGIN (RAM) + LENGTH (RAM))
                0x0000000000000200                _Min_Heap_Size = 0x200
                0x0000000000000400                _Min_Stack_Size = 0x400

.isr_vector     0x0000000008000000      0x188
                0x0000000008000000                . = ALIGN (0x4)
 *(.isr_vector)
 .isr_vector    0x0000000008000000      0x188 Core/Startup/startup_stm32f407vgtx.o
                0x0000000008000000                g_pfnVectors
                0x0000000008000188                . = ALIGN (0x4)

.text           0x0000000008000188     0x51b0
                0x0000000008000188                . = ALIGN (0x4)
 *(.text)
 .text          0x0000000008000188       0x40 c:/st/stm32cubeide_1.4.0/stm32cubeide/plugins/com.st.stm32cube.ide.mcu.externaltools.gnu-tools-for-stm32.7-2018-q2-update.win32_1.5.0.202011040924/tools/bin/../lib/gcc/arm-none-eabi/7.3.1/thumb/v7e-m/fpv4-sp/hard/crtbegin.o
 .text          0x00000000080001c8      0x378 c:/st/stm32cubeide_1.4.0/stm32cubeide/plugins/com.st.stm32cube.ide.mcu.externaltools.gnu-tools-for-stm32.7-2018-q2-update.win32_1.5.0.202011040924/tools/bin/../lib/gcc/arm-none-eabi/7.3.1/thumb/v7e-m/fpv4-sp/hard\libgcc.a(_arm_addsubdf3.o)
                0x00000000080001c8                __aeabi_drsub
                0x00000000080001d0                __aeabi_dsub
                0x00000000080001d0                __subdf3
                0x00000000080001d4                __aeabi_dadd
                0x00000000080001d4                __adddf3
                0x000000000800044c                __floatunsidf
                0x000000000800044c                __aeabi_ui2d
                0x000000000800046c                __floatsidf
                0x000000000800046c                __aeabi_i2d
                0x0000000008000490                __aeabi_f2d
                0x0000000008000490                __extendsfdf2
                0x00000000080004d4                __floatundidf
                0x00000000080004d4                __aeabi_ul2d
                0x00000000080004e4                __floatdidf
                0x00000000080004e4                __aeabi_l2d
 .text          0x0000000008000540      0x424 c:/st/stm32cubeide_1.4.0/stm32cubeide/plugins/com.st.stm32cube.ide.mcu.externaltools.gnu-tools-for-stm32.7-2018-q2-update.win32_1.5.0.202011040924/tools/bin/../lib/gcc/arm-none-eabi/7.3.1/thumb/v7e-m/fpv4-sp/hard\libgcc.a(_arm_muldivdf3.o)
                0x0000000008000540                __aeabi_dmul
                0x0000000008000540                __muldf3
                0x0000000008000794                __divdf3
                0x0000000008000794                __aeabi_ddiv
 .text          0x0000000008000964       0x40 c:/st/stm32cubeide_1.4.0/stm32cubeide/plugins/com.st.stm32cube.ide.mcu.externaltools.gnu-tools-for-stm32.7-2018-q2-update.win32_1.5.0.202011040924/tools/bin/../lib/gcc/arm-none-eabi/7.3.1/thumb/v7e-m/fpv4-sp/hard\libgcc.a(_arm_fixunsdfsi.o)
                0x0000000008000964                __aeabi_d2uiz
                0x0000000008000964                __fixunsdfsi
 .text          0x00000000080009a4       0xa0 c:/st/stm32cubeide_1.4.0/stm32cubeide/plugins/com.st.stm32cube.ide.mcu.externaltools.gnu-tools-for-stm32.7-2018-q2-update.win32_1.5.0.202011040924/tools/bin/../lib/gcc/arm-none-eabi/7.3.1/thumb/v7e-m/fpv4-sp/hard\libgcc.a(_arm_truncdfsf2.o)
                0x00000000080009a4                __truncdfsf2
                0x00000000080009a4                __aeabi_d2f
 .text          0x0000000008000a44       0x30 c:/st/stm32cubeide_1.4.0/stm32cubeide/plugins/com.st.stm32cube.ide.mcu.externaltools.gnu-tools-for-stm32.7-2018-q2-update.win32_1.5.0.202011040924/tools/bin/../lib/gcc/arm-none-eabi/7.3.1/thumb/v7e-m/fpv4-sp/hard\libgcc.a(_aeabi_uldivmod.o)
                0x0000000008000a44                __aeabi_uldivmod
 .text          0x0000000008000a74      0x2cc c:/st/stm32cubeide_1.4.0/stm32cubeide/plugins/com.st.stm32cube.ide.mcu.externaltools.gnu-tools-for-stm32.7-2018-q2-update.win32_1.5.0.202011040924/tools/bin/../lib/gcc/arm-none-eabi/7.3.1/thumb/v7e-m/fpv4-sp/hard\libgcc.a(_udivmoddi4.o)
                0x0000000008000a74                __udivmoddi4
 .text          0x0000000008000d40        0x4 c:/st/stm32cubeide_1.4.0/stm32cubeide/plugins/com.st.stm32cube.ide.mcu.externaltools.gnu-tools-for-stm32.7-2018-q2-update.win32_1.5.0.202011040924/tools/bin/../lib/gcc/arm-none-eabi/7.3.1/thumb/v7e-m/fpv4-sp/hard\libgcc.a(_dvmd_tls.o)
                0x0000000008000d40                __aeabi_idiv0
                0x0000000008000d40                __aeabi_ldiv0
 *(.text*)
 .text.HAL_ADC_ConvCpltCallback
                0x0000000008000d44       0x58 Core/Src/main.o
                0x0000000008000d44                HAL_ADC_ConvCpltCallback
 .text.Ventilador
                0x0000000008000d9c       0x40 Core/Src/main.o
                0x0000000008000d9c                Ventilador
 .text.HAL_GPIO_EXTI_Callback
                0x0000000008000ddc       0x8c Core/Src/main.o
                0x0000000008000ddc                HAL_GPIO_EXTI_Callback
 .text.debouncerbut3
                0x0000000008000e68       0xa0 Core/Src/main.o
                0x0000000008000e68                debouncerbut3
 .text.debouncerbut4
                0x0000000008000f08       0xa0 Core/Src/main.o
                0x0000000008000f08                debouncerbut4
 .text.debouncerbut6
                0x0000000008000fa8       0xa0 Core/Src/main.o
                0x0000000008000fa8                debouncerbut6
 .text.debouncerbut5
                0x0000000008001048       0xa0 Core/Src/main.o
                0x0000000008001048                debouncerbut5
 .text.lightOnOFF
                0x00000000080010e8       0x78 Core/Src/main.o
                0x00000000080010e8                lightOnOFF
 .text.LucesExteriores
                0x0000000008001160      0x100 Core/Src/main.o
                0x0000000008001160                LucesExteriores
 .text.garagecontrol
                0x0000000008001260      0x1d8 Core/Src/main.o
                0x0000000008001260                garagecontrol
 .text.HAL_TIM_IC_CaptureCallback
                0x0000000008001438      0x140 Core/Src/main.o
                0x0000000008001438                HAL_TIM_IC_CaptureCallback
 .text.HCSR04_Read
                0x0000000008001578       0x3c Core/Src/main.o
                0x0000000008001578                HCSR04_Read
 .text.CAMARA_SEGURIDAD
                0x00000000080015b4      0x2d4 Core/Src/main.o
                0x00000000080015b4                CAMARA_SEGURIDAD
 .text.main     0x0000000008001888       0x88 Core/Src/main.o
                0x0000000008001888                main
 .text.SystemClock_Config
                0x0000000008001910       0xd4 Core/Src/main.o
                0x0000000008001910                SystemClock_Config
 .text.MX_ADC1_Init
                0x00000000080019e4       0xa4 Core/Src/main.o
 .text.MX_ADC2_Init
                0x0000000008001a88       0xa4 Core/Src/main.o
 .text.MX_TIM1_Init
                0x0000000008001b2c       0xac Core/Src/main.o
 .text.MX_TIM2_Init
                0x0000000008001bd8       0xec Core/Src/main.o
 .text.MX_TIM4_Init
                0x0000000008001cc4       0xf0 Core/Src/main.o
 .text.MX_TIM6_Init
                0x0000000008001db4       0x6c Core/Src/main.o
 .text.MX_TIM9_Init
                0x0000000008001e20       0xc4 Core/Src/main.o
 .text.MX_GPIO_Init
                0x0000000008001ee4      0x230 Core/Src/main.o
 .text.Error_Handler
                0x0000000008002114        0x8 Core/Src/main.o
                0x0000000008002114                Error_Handler
 .text.HAL_MspInit
                0x000000000800211c       0x50 Core/Src/stm32f4xx_hal_msp.o
                0x000000000800211c                HAL_MspInit
 .text.HAL_ADC_MspInit
                0x000000000800216c      0x10c Core/Src/stm32f4xx_hal_msp.o
                0x000000000800216c                HAL_ADC_MspInit
 .text.HAL_TIM_IC_MspInit
                0x0000000008002278       0xa0 Core/Src/stm32f4xx_hal_msp.o
                0x0000000008002278                HAL_TIM_IC_MspInit
 .text.HAL_TIM_Base_MspInit
                0x0000000008002318       0xc4 Core/Src/stm32f4xx_hal_msp.o
                0x0000000008002318                HAL_TIM_Base_MspInit
 .text.HAL_TIM_MspPostInit
                0x00000000080023dc      0x114 Core/Src/stm32f4xx_hal_msp.o
                0x00000000080023dc                HAL_TIM_MspPostInit
 .text.NMI_Handler
                0x00000000080024f0        0x6 Core/Src/stm32f4xx_it.o
                0x00000000080024f0                NMI_Handler
 .text.HardFault_Handler
                0x00000000080024f6        0x6 Core/Src/stm32f4xx_it.o
                0x00000000080024f6                HardFault_Handler
 .text.MemManage_Handler
                0x00000000080024fc        0x6 Core/Src/stm32f4xx_it.o
                0x00000000080024fc                MemManage_Handler
 .text.BusFault_Handler
                0x0000000008002502        0x6 Core/Src/stm32f4xx_it.o
                0x0000000008002502                BusFault_Handler
 .text.UsageFault_Handler
                0x0000000008002508        0x6 Core/Src/stm32f4xx_it.o
                0x0000000008002508                UsageFault_Handler
 .text.SVC_Handler
                0x000000000800250e        0xe Core/Src/stm32f4xx_it.o
                0x000000000800250e                SVC_Handler
 .text.DebugMon_Handler
                0x000000000800251c        0xe Core/Src/stm32f4xx_it.o
                0x000000000800251c                DebugMon_Handler
 .text.PendSV_Handler
                0x000000000800252a        0xe Core/Src/stm32f4xx_it.o
                0x000000000800252a                PendSV_Handler
 .text.SysTick_Handler
                0x0000000008002538        0xc Core/Src/stm32f4xx_it.o
                0x0000000008002538                SysTick_Handler
 .text.EXTI0_IRQHandler
                0x0000000008002544        0xe Core/Src/stm32f4xx_it.o
                0x0000000008002544                EXTI0_IRQHandler
 .text.EXTI1_IRQHandler
                0x0000000008002552        0xe Core/Src/stm32f4xx_it.o
                0x0000000008002552                EXTI1_IRQHandler
 .text.EXTI3_IRQHandler
                0x0000000008002560        0xe Core/Src/stm32f4xx_it.o
                0x0000000008002560                EXTI3_IRQHandler
 .text.EXTI4_IRQHandler
                0x000000000800256e        0xe Core/Src/stm32f4xx_it.o
                0x000000000800256e                EXTI4_IRQHandler
 .text.ADC_IRQHandler
                0x000000000800257c       0x1c Core/Src/stm32f4xx_it.o
                0x000000000800257c                ADC_IRQHandler
 .text.TIM1_CC_IRQHandler
                0x0000000008002598       0x14 Core/Src/stm32f4xx_it.o
                0x0000000008002598                TIM1_CC_IRQHandler
 .text.EXTI15_10_IRQHandler
                0x00000000080025ac       0x18 Core/Src/stm32f4xx_it.o
                0x00000000080025ac                EXTI15_10_IRQHandler
 .text.SystemInit
                0x00000000080025c4       0x2c Core/Src/system_stm32f4xx.o
                0x00000000080025c4                SystemInit
 .text.Reset_Handler
                0x00000000080025f0       0x50 Core/Startup/startup_stm32f407vgtx.o
                0x00000000080025f0                Reset_Handler
 .text.Default_Handler
                0x0000000008002640        0x2 Core/Startup/startup_stm32f407vgtx.o
                0x0000000008002640                RTC_Alarm_IRQHandler
                0x0000000008002640                HASH_RNG_IRQHandler
                0x0000000008002640                EXTI2_IRQHandler
                0x0000000008002640                TIM8_CC_IRQHandler
                0x0000000008002640                DMA2_Stream5_IRQHandler
                0x0000000008002640                DMA1_Stream5_IRQHandler
                0x0000000008002640                PVD_IRQHandler
                0x0000000008002640                SDIO_IRQHandler
                0x0000000008002640                TAMP_STAMP_IRQHandler
                0x0000000008002640                CAN2_RX1_IRQHandler
                0x0000000008002640                TIM8_TRG_COM_TIM14_IRQHandler
                0x0000000008002640                TIM1_UP_TIM10_IRQHandler
                0x0000000008002640                TIM8_UP_TIM13_IRQHandler
                0x0000000008002640                I2C3_ER_IRQHandler
                0x0000000008002640                I2C2_EV_IRQHandler
                0x0000000008002640                DMA1_Stream2_IRQHandler
                0x0000000008002640                CAN1_RX0_IRQHandler
                0x0000000008002640                FPU_IRQHandler
                0x0000000008002640                OTG_HS_WKUP_IRQHandler
                0x0000000008002640                CAN2_SCE_IRQHandler
                0x0000000008002640                DMA2_Stream2_IRQHandler
                0x0000000008002640                SPI1_IRQHandler
                0x0000000008002640                TIM6_DAC_IRQHandler
                0x0000000008002640                TIM1_BRK_TIM9_IRQHandler
                0x0000000008002640                DCMI_IRQHandler
                0x0000000008002640                CAN2_RX0_IRQHandler
                0x0000000008002640                DMA2_Stream3_IRQHandler
                0x0000000008002640                USART6_IRQHandler
                0x0000000008002640                USART3_IRQHandler
                0x0000000008002640                CAN1_RX1_IRQHandler
                0x0000000008002640                UART5_IRQHandler
                0x0000000008002640                DMA2_Stream0_IRQHandler
                0x0000000008002640                TIM4_IRQHandler
                0x0000000008002640                I2C1_EV_IRQHandler
                0x0000000008002640                DMA1_Stream6_IRQHandler
                0x0000000008002640                DMA1_Stream1_IRQHandler
                0x0000000008002640                UART4_IRQHandler
                0x0000000008002640                TIM3_IRQHandler
                0x0000000008002640                RCC_IRQHandler
                0x0000000008002640                TIM8_BRK_TIM12_IRQHandler
                0x0000000008002640                Default_Handler
                0x0000000008002640                DMA1_Stream7_IRQHandler
                0x0000000008002640                TIM7_IRQHandler
                0x0000000008002640                CAN2_TX_IRQHandler
                0x0000000008002640                TIM5_IRQHandler
                0x0000000008002640                DMA2_Stream7_IRQHandler
                0x0000000008002640                I2C3_EV_IRQHandler
                0x0000000008002640                EXTI9_5_IRQHandler
                0x0000000008002640                RTC_WKUP_IRQHandler
                0x0000000008002640                ETH_WKUP_IRQHandler
                0x0000000008002640                SPI2_IRQHandler
                0x0000000008002640                OTG_HS_EP1_IN_IRQHandler
                0x0000000008002640                DMA1_Stream0_IRQHandler
                0x0000000008002640                CAN1_TX_IRQHandler
                0x0000000008002640                FSMC_IRQHandler
                0x0000000008002640                ETH_IRQHandler
                0x0000000008002640                OTG_HS_EP1_OUT_IRQHandler
                0x0000000008002640                WWDG_IRQHandler
                0x0000000008002640                TIM2_IRQHandler
                0x0000000008002640                OTG_FS_WKUP_IRQHandler
                0x0000000008002640                TIM1_TRG_COM_TIM11_IRQHandler
                0x0000000008002640                OTG_HS_IRQHandler
                0x0000000008002640                USART2_IRQHandler
                0x0000000008002640                I2C2_ER_IRQHandler
                0x0000000008002640                DMA2_Stream1_IRQHandler
                0x0000000008002640                CAN1_SCE_IRQHandler
                0x0000000008002640                FLASH_IRQHandler
                0x0000000008002640                DMA2_Stream4_IRQHandler
                0x0000000008002640                USART1_IRQHandler
                0x0000000008002640                OTG_FS_IRQHandler
                0x0000000008002640                SPI3_IRQHandler
                0x0000000008002640                DMA1_Stream4_IRQHandler
                0x0000000008002640                I2C1_ER_IRQHandler
                0x0000000008002640                DMA2_Stream6_IRQHandler
                0x0000000008002640                DMA1_Stream3_IRQHandler
 *fill*         0x0000000008002642        0x2 
 .text.HAL_Init
                0x0000000008002644       0x44 Drivers/STM32F4xx_HAL_Driver/Src/stm32f4xx_hal.o
                0x0000000008002644                HAL_Init
 .text.HAL_InitTick
                0x0000000008002688       0x60 Drivers/STM32F4xx_HAL_Driver/Src/stm32f4xx_hal.o
                0x0000000008002688                HAL_InitTick
 .text.HAL_IncTick
                0x00000000080026e8       0x28 Drivers/STM32F4xx_HAL_Driver/Src/stm32f4xx_hal.o
                0x00000000080026e8                HAL_IncTick
 .text.HAL_GetTick
                0x0000000008002710       0x18 Drivers/STM32F4xx_HAL_Driver/Src/stm32f4xx_hal.o
                0x0000000008002710                HAL_GetTick
 .text.HAL_Delay
                0x0000000008002728       0x44 Drivers/STM32F4xx_HAL_Driver/Src/stm32f4xx_hal.o
                0x0000000008002728                HAL_Delay
 .text.HAL_ADC_Init
                0x000000000800276c       0x86 Drivers/STM32F4xx_HAL_Driver/Src/stm32f4xx_hal_adc.o
                0x000000000800276c                HAL_ADC_Init
 *fill*         0x00000000080027f2        0x2 
 .text.HAL_ADC_Start_IT
                0x00000000080027f4      0x1a0 Drivers/STM32F4xx_HAL_Driver/Src/stm32f4xx_hal_adc.o
                0x00000000080027f4                HAL_ADC_Start_IT
 .text.HAL_ADC_Stop_IT
                0x0000000008002994       0x7a Drivers/STM32F4xx_HAL_Driver/Src/stm32f4xx_hal_adc.o
                0x0000000008002994                HAL_ADC_Stop_IT
 .text.HAL_ADC_IRQHandler
                0x0000000008002a0e      0x282 Drivers/STM32F4xx_HAL_Driver/Src/stm32f4xx_hal_adc.o
                0x0000000008002a0e                HAL_ADC_IRQHandler
 .text.HAL_ADC_GetValue
                0x0000000008002c90       0x1a Drivers/STM32F4xx_HAL_Driver/Src/stm32f4xx_hal_adc.o
                0x0000000008002c90                HAL_ADC_GetValue
 .text.HAL_ADC_LevelOutOfWindowCallback
                0x0000000008002caa       0x14 Drivers/STM32F4xx_HAL_Driver/Src/stm32f4xx_hal_adc.o
                0x0000000008002caa                HAL_ADC_LevelOutOfWindowCallback
 .text.HAL_ADC_ErrorCallback
                0x0000000008002cbe       0x14 Drivers/STM32F4xx_HAL_Driver/Src/stm32f4xx_hal_adc.o
                0x0000000008002cbe                HAL_ADC_ErrorCallback
 *fill*         0x0000000008002cd2        0x2 
 .text.HAL_ADC_ConfigChannel
                0x0000000008002cd4      0x244 Drivers/STM32F4xx_HAL_Driver/Src/stm32f4xx_hal_adc.o
                0x0000000008002cd4                HAL_ADC_ConfigChannel
 .text.ADC_Init
                0x0000000008002f18      0x1f8 Drivers/STM32F4xx_HAL_Driver/Src/stm32f4xx_hal_adc.o
 .text.HAL_ADCEx_InjectedConvCpltCallback
                0x0000000008003110       0x14 Drivers/STM32F4xx_HAL_Driver/Src/stm32f4xx_hal_adc_ex.o
                0x0000000008003110                HAL_ADCEx_InjectedConvCpltCallback
 .text.__NVIC_SetPriorityGrouping
                0x0000000008003124       0x48 Drivers/STM32F4xx_HAL_Driver/Src/stm32f4xx_hal_cortex.o
 .text.__NVIC_GetPriorityGrouping
                0x000000000800316c       0x1c Drivers/STM32F4xx_HAL_Driver/Src/stm32f4xx_hal_cortex.o
 .text.__NVIC_EnableIRQ
                0x0000000008003188       0x3c Drivers/STM32F4xx_HAL_Driver/Src/stm32f4xx_hal_cortex.o
 .text.__NVIC_SetPriority
                0x00000000080031c4       0x54 Drivers/STM32F4xx_HAL_Driver/Src/stm32f4xx_hal_cortex.o
 .text.NVIC_EncodePriority
                0x0000000008003218       0x66 Drivers/STM32F4xx_HAL_Driver/Src/stm32f4xx_hal_cortex.o
 *fill*         0x000000000800327e        0x2 
 .text.SysTick_Config
                0x0000000008003280       0x44 Drivers/STM32F4xx_HAL_Driver/Src/stm32f4xx_hal_cortex.o
 .text.HAL_NVIC_SetPriorityGrouping
                0x00000000080032c4       0x16 Drivers/STM32F4xx_HAL_Driver/Src/stm32f4xx_hal_cortex.o
                0x00000000080032c4                HAL_NVIC_SetPriorityGrouping
 .text.HAL_NVIC_SetPriority
                0x00000000080032da       0x38 Drivers/STM32F4xx_HAL_Driver/Src/stm32f4xx_hal_cortex.o
                0x00000000080032da                HAL_NVIC_SetPriority
 .text.HAL_NVIC_EnableIRQ
                0x0000000008003312       0x1c Drivers/STM32F4xx_HAL_Driver/Src/stm32f4xx_hal_cortex.o
                0x0000000008003312                HAL_NVIC_EnableIRQ
 .text.HAL_SYSTICK_Config
                0x000000000800332e       0x18 Drivers/STM32F4xx_HAL_Driver/Src/stm32f4xx_hal_cortex.o
                0x000000000800332e                HAL_SYSTICK_Config
 *fill*         0x0000000008003346        0x2 
 .text.HAL_GPIO_Init
                0x0000000008003348      0x334 Drivers/STM32F4xx_HAL_Driver/Src/stm32f4xx_hal_gpio.o
                0x0000000008003348                HAL_GPIO_Init
 .text.HAL_GPIO_ReadPin
                0x000000000800367c       0x30 Drivers/STM32F4xx_HAL_Driver/Src/stm32f4xx_hal_gpio.o
                0x000000000800367c                HAL_GPIO_ReadPin
 .text.HAL_GPIO_WritePin
                0x00000000080036ac       0x32 Drivers/STM32F4xx_HAL_Driver/Src/stm32f4xx_hal_gpio.o
                0x00000000080036ac                HAL_GPIO_WritePin
 *fill*         0x00000000080036de        0x2 
 .text.HAL_GPIO_EXTI_IRQHandler
                0x00000000080036e0       0x30 Drivers/STM32F4xx_HAL_Driver/Src/stm32f4xx_hal_gpio.o
                0x00000000080036e0                HAL_GPIO_EXTI_IRQHandler
 .text.HAL_RCC_OscConfig
                0x0000000008003710      0x4e0 Drivers/STM32F4xx_HAL_Driver/Src/stm32f4xx_hal_rcc.o
                0x0000000008003710                HAL_RCC_OscConfig
 .text.HAL_RCC_ClockConfig
                0x0000000008003bf0      0x1cc Drivers/STM32F4xx_HAL_Driver/Src/stm32f4xx_hal_rcc.o
                0x0000000008003bf0                HAL_RCC_ClockConfig
 .text.HAL_RCC_GetSysClockFreq
                0x0000000008003dbc      0x1b0 Drivers/STM32F4xx_HAL_Driver/Src/stm32f4xx_hal_rcc.o
                0x0000000008003dbc                HAL_RCC_GetSysClockFreq
 .text.HAL_TIM_Base_Init
                0x0000000008003f6c       0x56 Drivers/STM32F4xx_HAL_Driver/Src/stm32f4xx_hal_tim.o
                0x0000000008003f6c                HAL_TIM_Base_Init
 .text.HAL_TIM_Base_Start
                0x0000000008003fc2       0x48 Drivers/STM32F4xx_HAL_Driver/Src/stm32f4xx_hal_tim.o
                0x0000000008003fc2                HAL_TIM_Base_Start
 .text.HAL_TIM_PWM_Init
                0x000000000800400a       0x56 Drivers/STM32F4xx_HAL_Driver/Src/stm32f4xx_hal_tim.o
                0x000000000800400a                HAL_TIM_PWM_Init
 .text.HAL_TIM_PWM_MspInit
                0x0000000008004060       0x14 Drivers/STM32F4xx_HAL_Driver/Src/stm32f4xx_hal_tim.o
                0x0000000008004060                HAL_TIM_PWM_MspInit
 .text.HAL_TIM_PWM_Start
                0x0000000008004074       0x7c Drivers/STM32F4xx_HAL_Driver/Src/stm32f4xx_hal_tim.o
                0x0000000008004074                HAL_TIM_PWM_Start
 .text.HAL_TIM_IC_Init
                0x00000000080040f0       0x56 Drivers/STM32F4xx_HAL_Driver/Src/stm32f4xx_hal_tim.o
                0x00000000080040f0                HAL_TIM_IC_Init
 *fill*         0x0000000008004146        0x2 
 .text.HAL_TIM_IC_Start_IT
                0x0000000008004148       0xd0 Drivers/STM32F4xx_HAL_Driver/Src/stm32f4xx_hal_tim.o
                0x0000000008004148                HAL_TIM_IC_Start_IT
 .text.HAL_TIM_IRQHandler
                0x0000000008004218      0x210 Drivers/STM32F4xx_HAL_Driver/Src/stm32f4xx_hal_tim.o
                0x0000000008004218                HAL_TIM_IRQHandler
 .text.HAL_TIM_IC_ConfigChannel
                0x0000000008004428      0x138 Drivers/STM32F4xx_HAL_Driver/Src/stm32f4xx_hal_tim.o
                0x0000000008004428                HAL_TIM_IC_ConfigChannel
 .text.HAL_TIM_PWM_ConfigChannel
                0x0000000008004560      0x18c Drivers/STM32F4xx_HAL_Driver/Src/stm32f4xx_hal_tim.o
                0x0000000008004560                HAL_TIM_PWM_ConfigChannel
 .text.HAL_TIM_ConfigClockSource
                0x00000000080046ec      0x16e Drivers/STM32F4xx_HAL_Driver/Src/stm32f4xx_hal_tim.o
                0x00000000080046ec                HAL_TIM_ConfigClockSource
 *fill*         0x000000000800485a        0x2 
 .text.HAL_TIM_ReadCapturedValue
                0x000000000800485c       0x88 Drivers/STM32F4xx_HAL_Driver/Src/stm32f4xx_hal_tim.o
                0x000000000800485c                HAL_TIM_ReadCapturedValue
 .text.HAL_TIM_PeriodElapsedCallback
                0x00000000080048e4       0x14 Drivers/STM32F4xx_HAL_Driver/Src/stm32f4xx_hal_tim.o
                0x00000000080048e4                HAL_TIM_PeriodElapsedCallback
 .text.HAL_TIM_OC_DelayElapsedCallback
                0x00000000080048f8       0x14 Drivers/STM32F4xx_HAL_Driver/Src/stm32f4xx_hal_tim.o
                0x00000000080048f8                HAL_TIM_OC_DelayElapsedCallback
 .text.HAL_TIM_PWM_PulseFinishedCallback
                0x000000000800490c       0x14 Drivers/STM32F4xx_HAL_Driver/Src/stm32f4xx_hal_tim.o
                0x000000000800490c                HAL_TIM_PWM_PulseFinishedCallback
 .text.HAL_TIM_TriggerCallback
                0x0000000008004920       0x14 Drivers/STM32F4xx_HAL_Driver/Src/stm32f4xx_hal_tim.o
                0x0000000008004920                HAL_TIM_TriggerCallback
 .text.TIM_Base_SetConfig
                0x0000000008004934      0x140 Drivers/STM32F4xx_HAL_Driver/Src/stm32f4xx_hal_tim.o
                0x0000000008004934                TIM_Base_SetConfig
 .text.TIM_OC1_SetConfig
                0x0000000008004a74       0xe0 Drivers/STM32F4xx_HAL_Driver/Src/stm32f4xx_hal_tim.o
 .text.TIM_OC2_SetConfig
                0x0000000008004b54       0xec Drivers/STM32F4xx_HAL_Driver/Src/stm32f4xx_hal_tim.o
                0x0000000008004b54                TIM_OC2_SetConfig
 .text.TIM_OC3_SetConfig
                0x0000000008004c40       0xe8 Drivers/STM32F4xx_HAL_Driver/Src/stm32f4xx_hal_tim.o
 .text.TIM_OC4_SetConfig
                0x0000000008004d28       0xac Drivers/STM32F4xx_HAL_Driver/Src/stm32f4xx_hal_tim.o
 .text.TIM_TI1_SetConfig
                0x0000000008004dd4       0xe8 Drivers/STM32F4xx_HAL_Driver/Src/stm32f4xx_hal_tim.o
                0x0000000008004dd4                TIM_TI1_SetConfig
 .text.TIM_TI1_ConfigInputStage
                0x0000000008004ebc       0x5e Drivers/STM32F4xx_HAL_Driver/Src/stm32f4xx_hal_tim.o
 .text.TIM_TI2_SetConfig
                0x0000000008004f1a       0x7a Drivers/STM32F4xx_HAL_Driver/Src/stm32f4xx_hal_tim.o
 .text.TIM_TI2_ConfigInputStage
                0x0000000008004f94       0x60 Drivers/STM32F4xx_HAL_Driver/Src/stm32f4xx_hal_tim.o
 .text.TIM_TI3_SetConfig
                0x0000000008004ff4       0x78 Drivers/STM32F4xx_HAL_Driver/Src/stm32f4xx_hal_tim.o
 .text.TIM_TI4_SetConfig
                0x000000000800506c       0x7a Drivers/STM32F4xx_HAL_Driver/Src/stm32f4xx_hal_tim.o
 .text.TIM_ITRx_SetConfig
                0x00000000080050e6       0x36 Drivers/STM32F4xx_HAL_Driver/Src/stm32f4xx_hal_tim.o
 .text.TIM_ETR_SetConfig
                0x000000000800511c       0x40 Drivers/STM32F4xx_HAL_Driver/Src/stm32f4xx_hal_tim.o
                0x000000000800511c                TIM_ETR_SetConfig
 .text.TIM_CCxChannelCmd
                0x000000000800515c       0x4a Drivers/STM32F4xx_HAL_Driver/Src/stm32f4xx_hal_tim.o
                0x000000000800515c                TIM_CCxChannelCmd
 *fill*         0x00000000080051a6        0x2 
 .text.HAL_TIMEx_MasterConfigSynchronization
                0x00000000080051a8       0xf8 Drivers/STM32F4xx_HAL_Driver/Src/stm32f4xx_hal_tim_ex.o
                0x00000000080051a8                HAL_TIMEx_MasterConfigSynchronization
 .text.HAL_TIMEx_CommutCallback
                0x00000000080052a0       0x14 Drivers/STM32F4xx_HAL_Driver/Src/stm32f4xx_hal_tim_ex.o
                0x00000000080052a0                HAL_TIMEx_CommutCallback
 .text.HAL_TIMEx_BreakCallback
                0x00000000080052b4       0x14 Drivers/STM32F4xx_HAL_Driver/Src/stm32f4xx_hal_tim_ex.o
                0x00000000080052b4                HAL_TIMEx_BreakCallback
 .text.__libc_init_array
                0x00000000080052c8       0x48 c:/st/stm32cubeide_1.4.0/stm32cubeide/plugins/com.st.stm32cube.ide.mcu.externaltools.gnu-tools-for-stm32.7-2018-q2-update.win32_1.5.0.202011040924/tools/bin/../lib/gcc/arm-none-eabi/7.3.1/../../../../arm-none-eabi/lib/thumb/v7e-m/fpv4-sp/hard\libc_nano.a(lib_a-init.o)
                0x00000000080052c8                __libc_init_array
 .text.memset   0x0000000008005310       0x10 c:/st/stm32cubeide_1.4.0/stm32cubeide/plugins/com.st.stm32cube.ide.mcu.externaltools.gnu-tools-for-stm32.7-2018-q2-update.win32_1.5.0.202011040924/tools/bin/../lib/gcc/arm-none-eabi/7.3.1/../../../../arm-none-eabi/lib/thumb/v7e-m/fpv4-sp/hard\libc_nano.a(lib_a-memset.o)
                0x0000000008005310                memset
 *(.glue_7)
 .glue_7        0x0000000008005320        0x0 linker stubs
 *(.glue_7t)
 .glue_7t       0x0000000008005320        0x0 linker stubs
 *(.eh_frame)
 .eh_frame      0x0000000008005320        0x0 c:/st/stm32cubeide_1.4.0/stm32cubeide/plugins/com.st.stm32cube.ide.mcu.externaltools.gnu-tools-for-stm32.7-2018-q2-update.win32_1.5.0.202011040924/tools/bin/../lib/gcc/arm-none-eabi/7.3.1/thumb/v7e-m/fpv4-sp/hard/crtbegin.o
 *(.init)
 .init          0x0000000008005320        0x4 c:/st/stm32cubeide_1.4.0/stm32cubeide/plugins/com.st.stm32cube.ide.mcu.externaltools.gnu-tools-for-stm32.7-2018-q2-update.win32_1.5.0.202011040924/tools/bin/../lib/gcc/arm-none-eabi/7.3.1/thumb/v7e-m/fpv4-sp/hard/crti.o
                0x0000000008005320                _init
 .init          0x0000000008005324        0x8 c:/st/stm32cubeide_1.4.0/stm32cubeide/plugins/com.st.stm32cube.ide.mcu.externaltools.gnu-tools-for-stm32.7-2018-q2-update.win32_1.5.0.202011040924/tools/bin/../lib/gcc/arm-none-eabi/7.3.1/thumb/v7e-m/fpv4-sp/hard/crtn.o
 *(.fini)
 .fini          0x000000000800532c        0x4 c:/st/stm32cubeide_1.4.0/stm32cubeide/plugins/com.st.stm32cube.ide.mcu.externaltools.gnu-tools-for-stm32.7-2018-q2-update.win32_1.5.0.202011040924/tools/bin/../lib/gcc/arm-none-eabi/7.3.1/thumb/v7e-m/fpv4-sp/hard/crti.o
                0x000000000800532c                _fini
 .fini          0x0000000008005330        0x8 c:/st/stm32cubeide_1.4.0/stm32cubeide/plugins/com.st.stm32cube.ide.mcu.externaltools.gnu-tools-for-stm32.7-2018-q2-update.win32_1.5.0.202011040924/tools/bin/../lib/gcc/arm-none-eabi/7.3.1/thumb/v7e-m/fpv4-sp/hard/crtn.o
                0x0000000008005338                . = ALIGN (0x4)
                0x0000000008005338                _etext = .

.vfp11_veneer   0x0000000008005338        0x0
 .vfp11_veneer  0x0000000008005338        0x0 linker stubs

.v4_bx          0x0000000008005338        0x0
 .v4_bx         0x0000000008005338        0x0 linker stubs

.iplt           0x0000000008005338        0x0
 .iplt          0x0000000008005338        0x0 c:/st/stm32cubeide_1.4.0/stm32cubeide/plugins/com.st.stm32cube.ide.mcu.externaltools.gnu-tools-for-stm32.7-2018-q2-update.win32_1.5.0.202011040924/tools/bin/../lib/gcc/arm-none-eabi/7.3.1/thumb/v7e-m/fpv4-sp/hard/crtbegin.o

.rodata         0x0000000008005338       0x10
                0x0000000008005338                . = ALIGN (0x4)
 *(.rodata)
 *(.rodata*)
 .rodata.AHBPrescTable
                0x0000000008005338       0x10 Core/Src/system_stm32f4xx.o
                0x0000000008005338                AHBPrescTable
                0x0000000008005348                . = ALIGN (0x4)

.ARM.extab      0x0000000008005348        0x0
                0x0000000008005348                . = ALIGN (0x4)
 *(.ARM.extab* .gnu.linkonce.armextab.*)
                0x0000000008005348                . = ALIGN (0x4)

.ARM            0x0000000008005348        0x8
                0x0000000008005348                . = ALIGN (0x4)
                0x0000000008005348                __exidx_start = .
 *(.ARM.exidx*)
 .ARM.exidx     0x0000000008005348        0x8 c:/st/stm32cubeide_1.4.0/stm32cubeide/plugins/com.st.stm32cube.ide.mcu.externaltools.gnu-tools-for-stm32.7-2018-q2-update.win32_1.5.0.202011040924/tools/bin/../lib/gcc/arm-none-eabi/7.3.1/thumb/v7e-m/fpv4-sp/hard\libgcc.a(_udivmoddi4.o)
                0x0000000008005350                __exidx_end = .
                0x0000000008005350                . = ALIGN (0x4)

.rel.dyn        0x0000000008005350        0x0
 .rel.iplt      0x0000000008005350        0x0 c:/st/stm32cubeide_1.4.0/stm32cubeide/plugins/com.st.stm32cube.ide.mcu.externaltools.gnu-tools-for-stm32.7-2018-q2-update.win32_1.5.0.202011040924/tools/bin/../lib/gcc/arm-none-eabi/7.3.1/thumb/v7e-m/fpv4-sp/hard/crtbegin.o

.preinit_array  0x0000000008005350        0x0
                0x0000000008005350                . = ALIGN (0x4)
                0x0000000008005350                PROVIDE (__preinit_array_start = .)
 *(.preinit_array*)
                0x0000000008005350                PROVIDE (__preinit_array_end = .)
                0x0000000008005350                . = ALIGN (0x4)

.init_array     0x0000000008005350        0x4
                0x0000000008005350                . = ALIGN (0x4)
                0x0000000008005350                PROVIDE (__init_array_start = .)
 *(SORT_BY_NAME(.init_array.*))
 *(.init_array*)
 .init_array    0x0000000008005350        0x4 c:/st/stm32cubeide_1.4.0/stm32cubeide/plugins/com.st.stm32cube.ide.mcu.externaltools.gnu-tools-for-stm32.7-2018-q2-update.win32_1.5.0.202011040924/tools/bin/../lib/gcc/arm-none-eabi/7.3.1/thumb/v7e-m/fpv4-sp/hard/crtbegin.o
                0x0000000008005354                PROVIDE (__init_array_end = .)
                0x0000000008005354                . = ALIGN (0x4)

.fini_array     0x0000000008005354        0x4
                0x0000000008005354                . = ALIGN (0x4)
                [!provide]                        PROVIDE (__fini_array_start = .)
 *(SORT_BY_NAME(.fini_array.*))
 *(.fini_array*)
 .fini_array    0x0000000008005354        0x4 c:/st/stm32cubeide_1.4.0/stm32cubeide/plugins/com.st.stm32cube.ide.mcu.externaltools.gnu-tools-for-stm32.7-2018-q2-update.win32_1.5.0.202011040924/tools/bin/../lib/gcc/arm-none-eabi/7.3.1/thumb/v7e-m/fpv4-sp/hard/crtbegin.o
                [!provide]                        PROVIDE (__fini_array_end = .)
                0x0000000008005358                . = ALIGN (0x4)
                0x0000000008005358                _sidata = LOADADDR (.data)

.data           0x0000000020000000       0x1c load address 0x0000000008005358
                0x0000000020000000                . = ALIGN (0x4)
                0x0000000020000000                _sdata = .
 *(.data)
 *(.data*)
 .data.anglegarage
                0x0000000020000000        0x4 Core/Src/main.o
                0x0000000020000000                anglegarage
 .data.ADC_vali
                0x0000000020000004        0x2 Core/Src/main.o
                0x0000000020000004                ADC_vali
 *fill*         0x0000000020000006        0x2 
 .data.bit_trabajo
                0x0000000020000008        0x4 Core/Src/main.o
                0x0000000020000008                bit_trabajo
 .data.Distance
                0x000000002000000c        0x1 Core/Src/main.o
                0x000000002000000c                Distance
 *fill*         0x000000002000000d        0x3 
 .data.SystemCoreClock
                0x0000000020000010        0x4 Core/Src/system_stm32f4xx.o
                0x0000000020000010                SystemCoreClock
 .data.uwTickPrio
                0x0000000020000014        0x4 Drivers/STM32F4xx_HAL_Driver/Src/stm32f4xx_hal.o
                0x0000000020000014                uwTickPrio
 .data.uwTickFreq
                0x0000000020000018        0x1 Drivers/STM32F4xx_HAL_Driver/Src/stm32f4xx_hal.o
                0x0000000020000018                uwTickFreq
 *(.RamFunc)
 *(.RamFunc*)
                0x000000002000001c                . = ALIGN (0x4)
 *fill*         0x0000000020000019        0x3 
                0x000000002000001c                _edata = .

.igot.plt       0x000000002000001c        0x0 load address 0x0000000008005374
 .igot.plt      0x000000002000001c        0x0 c:/st/stm32cubeide_1.4.0/stm32cubeide/plugins/com.st.stm32cube.ide.mcu.externaltools.gnu-tools-for-stm32.7-2018-q2-update.win32_1.5.0.202011040924/tools/bin/../lib/gcc/arm-none-eabi/7.3.1/thumb/v7e-m/fpv4-sp/hard/crtbegin.o
                0x000000002000001c                . = ALIGN (0x4)

.bss            0x000000002000001c      0x270 load address 0x0000000008005374
                0x000000002000001c                _sbss = .
                0x000000002000001c                __bss_start__ = _sbss
 *(.bss)
 .bss           0x000000002000001c       0x1c c:/st/stm32cubeide_1.4.0/stm32cubeide/plugins/com.st.stm32cube.ide.mcu.externaltools.gnu-tools-for-stm32.7-2018-q2-update.win32_1.5.0.202011040924/tools/bin/../lib/gcc/arm-none-eabi/7.3.1/thumb/v7e-m/fpv4-sp/hard/crtbegin.o
 *(.bss*)
 .bss.aperture  0x0000000020000038        0x4 Core/Src/main.o
                0x0000000020000038                aperture
 .bss.sense     0x000000002000003c        0x4 Core/Src/main.o
                0x000000002000003c                sense
 .bss.servoinput
                0x0000000020000040        0x4 Core/Src/main.o
                0x0000000020000040                servoinput
 .bss.but3      0x0000000020000044        0x4 Core/Src/main.o
                0x0000000020000044                but3
 .bss.but4      0x0000000020000048        0x4 Core/Src/main.o
                0x0000000020000048                but4
 .bss.but1      0x000000002000004c        0x4 Core/Src/main.o
                0x000000002000004c                but1
 .bss.but2      0x0000000020000050        0x4 Core/Src/main.o
                0x0000000020000050                but2
 .bss.state_light
                0x0000000020000054        0x4 Core/Src/main.o
                0x0000000020000054                state_light
 .bss.mode_light
                0x0000000020000058        0x4 Core/Src/main.o
                0x0000000020000058                mode_light
 .bss.tiempo_comienzo_interrupcion
                0x000000002000005c        0x4 Core/Src/main.o
                0x000000002000005c                tiempo_comienzo_interrupcion
 .bss.tiempo_final_interrupcion
                0x0000000020000060        0x4 Core/Src/main.o
                0x0000000020000060                tiempo_final_interrupcion
 .bss.tiempo_total_interrupcion
                0x0000000020000064        0x4 Core/Src/main.o
                0x0000000020000064                tiempo_total_interrupcion
 .bss.n         0x0000000020000068        0x4 Core/Src/main.o
                0x0000000020000068                n
 .bss.desactivar_alarma
                0x000000002000006c        0x4 Core/Src/main.o
                0x000000002000006c                desactivar_alarma
 .bss.IC_Val1   0x0000000020000070        0x4 Core/Src/main.o
                0x0000000020000070                IC_Val1
 .bss.IC_Val2   0x0000000020000074        0x4 Core/Src/main.o
                0x0000000020000074                IC_Val2
 .bss.Difference
                0x0000000020000078        0x4 Core/Src/main.o
                0x0000000020000078                Difference
 .bss.Is_First_Captured
                0x000000002000007c        0x1 Core/Src/main.o
                0x000000002000007c                Is_First_Captured
 .bss.button_count.9074
                0x000000002000007d        0x1 Core/Src/main.o
 *fill*         0x000000002000007e        0x2 
 .bss.counter.9075
                0x0000000020000080        0x4 Core/Src/main.o
 .bss.button_count.9081
                0x0000000020000084        0x1 Core/Src/main.o
 *fill*         0x0000000020000085        0x3 
 .bss.counter.9082
                0x0000000020000088        0x4 Core/Src/main.o
 .bss.button_count.9088
                0x000000002000008c        0x1 Core/Src/main.o
 *fill*         0x000000002000008d        0x3 
 .bss.counter.9089
                0x0000000020000090        0x4 Core/Src/main.o
 .bss.button_count.9095
                0x0000000020000094        0x1 Core/Src/main.o
 *fill*         0x0000000020000095        0x3 
 .bss.counter.9096
                0x0000000020000098        0x4 Core/Src/main.o
 *(COMMON)
 COMMON         0x000000002000009c      0x1ec Core/Src/main.o
                0x000000002000009c                timer
                0x00000000200000a0                htim4
                0x00000000200000e0                timegarage
                0x00000000200000e4                hadc2
                0x000000002000012c                waitgarage
                0x0000000020000130                flag
                0x0000000020000134                hadc1
                0x000000002000017c                angulo2
                0x0000000020000180                htim6
                0x00000000200001c0                htim1
                0x0000000020000200                ADC_val
                0x0000000020000204                htim9
                0x0000000020000244                htim2
                0x0000000020000284                angulo1
 COMMON         0x0000000020000288        0x4 Drivers/STM32F4xx_HAL_Driver/Src/stm32f4xx_hal.o
                0x0000000020000288                uwTick
                0x000000002000028c                . = ALIGN (0x4)
                0x000000002000028c                _ebss = .
                0x000000002000028c                __bss_end__ = _ebss

._user_heap_stack
                0x000000002000028c      0x604 load address 0x0000000008005374
                0x0000000020000290                . = ALIGN (0x8)
 *fill*         0x000000002000028c        0x4 
                [!provide]                        PROVIDE (end = .)
                0x0000000020000290                PROVIDE (_end = .)
                0x0000000020000490                . = (. + _Min_Heap_Size)
 *fill*         0x0000000020000290      0x200 
                0x0000000020000890                . = (. + _Min_Stack_Size)
 *fill*         0x0000000020000490      0x400 
                0x0000000020000890                . = ALIGN (0x8)

/DISCARD/
 libc.a(*)
 libm.a(*)
 libgcc.a(*)

.ARM.attributes
                0x0000000000000000       0x30
 *(.ARM.attributes)
 .ARM.attributes
                0x0000000000000000       0x22 c:/st/stm32cubeide_1.4.0/stm32cubeide/plugins/com.st.stm32cube.ide.mcu.externaltools.gnu-tools-for-stm32.7-2018-q2-update.win32_1.5.0.202011040924/tools/bin/../lib/gcc/arm-none-eabi/7.3.1/thumb/v7e-m/fpv4-sp/hard/crti.o
 .ARM.attributes
                0x0000000000000022       0x34 c:/st/stm32cubeide_1.4.0/stm32cubeide/plugins/com.st.stm32cube.ide.mcu.externaltools.gnu-tools-for-stm32.7-2018-q2-update.win32_1.5.0.202011040924/tools/bin/../lib/gcc/arm-none-eabi/7.3.1/thumb/v7e-m/fpv4-sp/hard/crtbegin.o
 .ARM.attributes
                0x0000000000000056       0x39 Core/Src/main.o
 .ARM.attributes
                0x000000000000008f       0x39 Core/Src/stm32f4xx_hal_msp.o
 .ARM.attributes
                0x00000000000000c8       0x39 Core/Src/stm32f4xx_it.o
 .ARM.attributes
                0x0000000000000101       0x39 Core/Src/system_stm32f4xx.o
 .ARM.attributes
                0x000000000000013a       0x21 Core/Startup/startup_stm32f407vgtx.o
 .ARM.attributes
                0x000000000000015b       0x39 Drivers/STM32F4xx_HAL_Driver/Src/stm32f4xx_hal.o
 .ARM.attributes
                0x0000000000000194       0x39 Drivers/STM32F4xx_HAL_Driver/Src/stm32f4xx_hal_adc.o
 .ARM.attributes
                0x00000000000001cd       0x39 Drivers/STM32F4xx_HAL_Driver/Src/stm32f4xx_hal_adc_ex.o
 .ARM.attributes
                0x0000000000000206       0x39 Drivers/STM32F4xx_HAL_Driver/Src/stm32f4xx_hal_cortex.o
 .ARM.attributes
                0x000000000000023f       0x39 Drivers/STM32F4xx_HAL_Driver/Src/stm32f4xx_hal_gpio.o
 .ARM.attributes
                0x0000000000000278       0x39 Drivers/STM32F4xx_HAL_Driver/Src/stm32f4xx_hal_rcc.o
 .ARM.attributes
                0x00000000000002b1       0x39 Drivers/STM32F4xx_HAL_Driver/Src/stm32f4xx_hal_tim.o
 .ARM.attributes
                0x00000000000002ea       0x39 Drivers/STM32F4xx_HAL_Driver/Src/stm32f4xx_hal_tim_ex.o
 .ARM.attributes
                0x0000000000000323       0x34 c:/st/stm32cubeide_1.4.0/stm32cubeide/plugins/com.st.stm32cube.ide.mcu.externaltools.gnu-tools-for-stm32.7-2018-q2-update.win32_1.5.0.202011040924/tools/bin/../lib/gcc/arm-none-eabi/7.3.1/../../../../arm-none-eabi/lib/thumb/v7e-m/fpv4-sp/hard\libc_nano.a(lib_a-init.o)
 .ARM.attributes
                0x0000000000000357       0x34 c:/st/stm32cubeide_1.4.0/stm32cubeide/plugins/com.st.stm32cube.ide.mcu.externaltools.gnu-tools-for-stm32.7-2018-q2-update.win32_1.5.0.202011040924/tools/bin/../lib/gcc/arm-none-eabi/7.3.1/../../../../arm-none-eabi/lib/thumb/v7e-m/fpv4-sp/hard\libc_nano.a(lib_a-memset.o)
 .ARM.attributes
                0x000000000000038b       0x22 c:/st/stm32cubeide_1.4.0/stm32cubeide/plugins/com.st.stm32cube.ide.mcu.externaltools.gnu-tools-for-stm32.7-2018-q2-update.win32_1.5.0.202011040924/tools/bin/../lib/gcc/arm-none-eabi/7.3.1/thumb/v7e-m/fpv4-sp/hard\libgcc.a(_arm_addsubdf3.o)
 .ARM.attributes
                0x00000000000003ad       0x22 c:/st/stm32cubeide_1.4.0/stm32cubeide/plugins/com.st.stm32cube.ide.mcu.externaltools.gnu-tools-for-stm32.7-2018-q2-update.win32_1.5.0.202011040924/tools/bin/../lib/gcc/arm-none-eabi/7.3.1/thumb/v7e-m/fpv4-sp/hard\libgcc.a(_arm_muldivdf3.o)
 .ARM.attributes
                0x00000000000003cf       0x22 c:/st/stm32cubeide_1.4.0/stm32cubeide/plugins/com.st.stm32cube.ide.mcu.externaltools.gnu-tools-for-stm32.7-2018-q2-update.win32_1.5.0.202011040924/tools/bin/../lib/gcc/arm-none-eabi/7.3.1/thumb/v7e-m/fpv4-sp/hard\libgcc.a(_arm_fixunsdfsi.o)
 .ARM.attributes
                0x00000000000003f1       0x22 c:/st/stm32cubeide_1.4.0/stm32cubeide/plugins/com.st.stm32cube.ide.mcu.externaltools.gnu-tools-for-stm32.7-2018-q2-update.win32_1.5.0.202011040924/tools/bin/../lib/gcc/arm-none-eabi/7.3.1/thumb/v7e-m/fpv4-sp/hard\libgcc.a(_arm_truncdfsf2.o)
 .ARM.attributes
                0x0000000000000413       0x22 c:/st/stm32cubeide_1.4.0/stm32cubeide/plugins/com.st.stm32cube.ide.mcu.externaltools.gnu-tools-for-stm32.7-2018-q2-update.win32_1.5.0.202011040924/tools/bin/../lib/gcc/arm-none-eabi/7.3.1/thumb/v7e-m/fpv4-sp/hard\libgcc.a(_aeabi_uldivmod.o)
 .ARM.attributes
                0x0000000000000435       0x34 c:/st/stm32cubeide_1.4.0/stm32cubeide/plugins/com.st.stm32cube.ide.mcu.externaltools.gnu-tools-for-stm32.7-2018-q2-update.win32_1.5.0.202011040924/tools/bin/../lib/gcc/arm-none-eabi/7.3.1/thumb/v7e-m/fpv4-sp/hard\libgcc.a(_udivmoddi4.o)
 .ARM.attributes
                0x0000000000000469       0x22 c:/st/stm32cubeide_1.4.0/stm32cubeide/plugins/com.st.stm32cube.ide.mcu.externaltools.gnu-tools-for-stm32.7-2018-q2-update.win32_1.5.0.202011040924/tools/bin/../lib/gcc/arm-none-eabi/7.3.1/thumb/v7e-m/fpv4-sp/hard\libgcc.a(_dvmd_tls.o)
 .ARM.attributes
                0x000000000000048b       0x22 c:/st/stm32cubeide_1.4.0/stm32cubeide/plugins/com.st.stm32cube.ide.mcu.externaltools.gnu-tools-for-stm32.7-2018-q2-update.win32_1.5.0.202011040924/tools/bin/../lib/gcc/arm-none-eabi/7.3.1/thumb/v7e-m/fpv4-sp/hard/crtn.o
OUTPUT(Trabajo Micros - Sistemas Electronicos Digitales.elf elf32-littlearm)

.debug_info     0x0000000000000000     0xb6a7
 .debug_info    0x0000000000000000     0x20d8 Core/Src/main.o
 .debug_info    0x00000000000020d8     0x1026 Core/Src/stm32f4xx_hal_msp.o
 .debug_info    0x00000000000030fe      0x9b9 Core/Src/stm32f4xx_it.o
 .debug_info    0x0000000000003ab7      0x554 Core/Src/system_stm32f4xx.o
 .debug_info    0x000000000000400b       0x22 Core/Startup/startup_stm32f407vgtx.o
 .debug_info    0x000000000000402d      0x945 Drivers/STM32F4xx_HAL_Driver/Src/stm32f4xx_hal.o
 .debug_info    0x0000000000004972      0xcee Drivers/STM32F4xx_HAL_Driver/Src/stm32f4xx_hal_adc.o
 .debug_info    0x0000000000005660      0xb66 Drivers/STM32F4xx_HAL_Driver/Src/stm32f4xx_hal_adc_ex.o
 .debug_info    0x00000000000061c6      0xe28 Drivers/STM32F4xx_HAL_Driver/Src/stm32f4xx_hal_cortex.o
 .debug_info    0x0000000000006fee      0x7b5 Drivers/STM32F4xx_HAL_Driver/Src/stm32f4xx_hal_gpio.o
 .debug_info    0x00000000000077a3      0x904 Drivers/STM32F4xx_HAL_Driver/Src/stm32f4xx_hal_rcc.o
 .debug_info    0x00000000000080a7     0x24a9 Drivers/STM32F4xx_HAL_Driver/Src/stm32f4xx_hal_tim.o
 .debug_info    0x000000000000a550     0x1157 Drivers/STM32F4xx_HAL_Driver/Src/stm32f4xx_hal_tim_ex.o

.debug_abbrev   0x0000000000000000     0x1962
 .debug_abbrev  0x0000000000000000      0x354 Core/Src/main.o
 .debug_abbrev  0x0000000000000354      0x212 Core/Src/stm32f4xx_hal_msp.o
 .debug_abbrev  0x0000000000000566      0x181 Core/Src/stm32f4xx_it.o
 .debug_abbrev  0x00000000000006e7      0x12b Core/Src/system_stm32f4xx.o
 .debug_abbrev  0x0000000000000812       0x12 Core/Startup/startup_stm32f407vgtx.o
 .debug_abbrev  0x0000000000000824      0x1c7 Drivers/STM32F4xx_HAL_Driver/Src/stm32f4xx_hal.o
 .debug_abbrev  0x00000000000009eb      0x205 Drivers/STM32F4xx_HAL_Driver/Src/stm32f4xx_hal_adc.o
 .debug_abbrev  0x0000000000000bf0      0x21c Drivers/STM32F4xx_HAL_Driver/Src/stm32f4xx_hal_adc_ex.o
 .debug_abbrev  0x0000000000000e0c      0x2fa Drivers/STM32F4xx_HAL_Driver/Src/stm32f4xx_hal_cortex.o
 .debug_abbrev  0x0000000000001106      0x1c9 Drivers/STM32F4xx_HAL_Driver/Src/stm32f4xx_hal_gpio.o
 .debug_abbrev  0x00000000000012cf      0x245 Drivers/STM32F4xx_HAL_Driver/Src/stm32f4xx_hal_rcc.o
 .debug_abbrev  0x0000000000001514      0x230 Drivers/STM32F4xx_HAL_Driver/Src/stm32f4xx_hal_tim.o
 .debug_abbrev  0x0000000000001744      0x21e Drivers/STM32F4xx_HAL_Driver/Src/stm32f4xx_hal_tim_ex.o

.debug_aranges  0x0000000000000000      0xb78
 .debug_aranges
                0x0000000000000000       0xe0 Core/Src/main.o
 .debug_aranges
                0x00000000000000e0       0x58 Core/Src/stm32f4xx_hal_msp.o
 .debug_aranges
                0x0000000000000138       0x98 Core/Src/stm32f4xx_it.o
 .debug_aranges
                0x00000000000001d0       0x28 Core/Src/system_stm32f4xx.o
 .debug_aranges
                0x00000000000001f8       0x28 Core/Startup/startup_stm32f407vgtx.o
 .debug_aranges
                0x0000000000000220       0xf0 Drivers/STM32F4xx_HAL_Driver/Src/stm32f4xx_hal.o
 .debug_aranges
                0x0000000000000310       0xe8 Drivers/STM32F4xx_HAL_Driver/Src/stm32f4xx_hal_adc.o
 .debug_aranges
                0x00000000000003f8       0x90 Drivers/STM32F4xx_HAL_Driver/Src/stm32f4xx_hal_adc_ex.o
 .debug_aranges
                0x0000000000000488      0x118 Drivers/STM32F4xx_HAL_Driver/Src/stm32f4xx_hal_cortex.o
 .debug_aranges
                0x00000000000005a0       0x58 Drivers/STM32F4xx_HAL_Driver/Src/stm32f4xx_hal_gpio.o
 .debug_aranges
                0x00000000000005f8       0x88 Drivers/STM32F4xx_HAL_Driver/Src/stm32f4xx_hal_rcc.o
 .debug_aranges
                0x0000000000000680      0x3a8 Drivers/STM32F4xx_HAL_Driver/Src/stm32f4xx_hal_tim.o
 .debug_aranges
                0x0000000000000a28      0x150 Drivers/STM32F4xx_HAL_Driver/Src/stm32f4xx_hal_tim_ex.o

.debug_ranges   0x0000000000000000      0xab0
 .debug_ranges  0x0000000000000000       0xd0 Core/Src/main.o
 .debug_ranges  0x00000000000000d0       0x48 Core/Src/stm32f4xx_hal_msp.o
 .debug_ranges  0x0000000000000118       0x88 Core/Src/stm32f4xx_it.o
 .debug_ranges  0x00000000000001a0       0x18 Core/Src/system_stm32f4xx.o
 .debug_ranges  0x00000000000001b8       0x20 Core/Startup/startup_stm32f407vgtx.o
 .debug_ranges  0x00000000000001d8       0xe0 Drivers/STM32F4xx_HAL_Driver/Src/stm32f4xx_hal.o
 .debug_ranges  0x00000000000002b8       0xd8 Drivers/STM32F4xx_HAL_Driver/Src/stm32f4xx_hal_adc.o
 .debug_ranges  0x0000000000000390       0x80 Drivers/STM32F4xx_HAL_Driver/Src/stm32f4xx_hal_adc_ex.o
 .debug_ranges  0x0000000000000410      0x108 Drivers/STM32F4xx_HAL_Driver/Src/stm32f4xx_hal_cortex.o
 .debug_ranges  0x0000000000000518       0x48 Drivers/STM32F4xx_HAL_Driver/Src/stm32f4xx_hal_gpio.o
 .debug_ranges  0x0000000000000560       0x78 Drivers/STM32F4xx_HAL_Driver/Src/stm32f4xx_hal_rcc.o
 .debug_ranges  0x00000000000005d8      0x398 Drivers/STM32F4xx_HAL_Driver/Src/stm32f4xx_hal_tim.o
 .debug_ranges  0x0000000000000970      0x140 Drivers/STM32F4xx_HAL_Driver/Src/stm32f4xx_hal_tim_ex.o

.debug_macro    0x0000000000000000    0x20fe5
 .debug_macro   0x0000000000000000      0x348 Core/Src/main.o
 .debug_macro   0x0000000000000348      0xa5a Core/Src/main.o
 .debug_macro   0x0000000000000da2      0x294 Core/Src/main.o
 .debug_macro   0x0000000000001036       0x2e Core/Src/main.o
 .debug_macro   0x0000000000001064       0x2f Core/Src/main.o
 .debug_macro   0x0000000000001093       0x22 Core/Src/main.o
 .debug_macro   0x00000000000010b5       0x8e Core/Src/main.o
 .debug_macro   0x0000000000001143       0x51 Core/Src/main.o
 .debug_macro   0x0000000000001194       0xef Core/Src/main.o
 .debug_macro   0x0000000000001283       0x6a Core/Src/main.o
 .debug_macro   0x00000000000012ed      0x1df Core/Src/main.o
 .debug_macro   0x00000000000014cc       0x1c Core/Src/main.o
 .debug_macro   0x00000000000014e8       0x22 Core/Src/main.o
 .debug_macro   0x000000000000150a       0xdf Core/Src/main.o
 .debug_macro   0x00000000000015e9     0x102d Core/Src/main.o
 .debug_macro   0x0000000000002616      0x11f Core/Src/main.o
 .debug_macro   0x0000000000002735    0x15e3c Core/Src/main.o
 .debug_macro   0x0000000000018571       0x43 Core/Src/main.o
 .debug_macro   0x00000000000185b4     0x3659 Core/Src/main.o
 .debug_macro   0x000000000001bc0d      0x174 Core/Src/main.o
 .debug_macro   0x000000000001bd81       0x5a Core/Src/main.o
 .debug_macro   0x000000000001bddb      0x96b Core/Src/main.o
 .debug_macro   0x000000000001c746      0x9fe Core/Src/main.o
 .debug_macro   0x000000000001d144      0x117 Core/Src/main.o
 .debug_macro   0x000000000001d25b      0x13e Core/Src/main.o
 .debug_macro   0x000000000001d399       0x27 Core/Src/main.o
 .debug_macro   0x000000000001d3c0      0x174 Core/Src/main.o
 .debug_macro   0x000000000001d534      0x287 Core/Src/main.o
 .debug_macro   0x000000000001d7bb       0x5f Core/Src/main.o
 .debug_macro   0x000000000001d81a      0x236 Core/Src/main.o
 .debug_macro   0x000000000001da50      0x391 Core/Src/main.o
 .debug_macro   0x000000000001dde1      0x176 Core/Src/main.o
 .debug_macro   0x000000000001df57       0xf9 Core/Src/main.o
 .debug_macro   0x000000000001e050      0x12c Core/Src/main.o
 .debug_macro   0x000000000001e17c      0x21e Core/Src/main.o
 .debug_macro   0x000000000001e39a       0x2e Core/Src/main.o
 .debug_macro   0x000000000001e3c8      0x11a Core/Src/main.o
 .debug_macro   0x000000000001e4e2       0x7e Core/Src/main.o
 .debug_macro   0x000000000001e560       0x89 Core/Src/main.o
 .debug_macro   0x000000000001e5e9      0x8a0 Core/Src/main.o
 .debug_macro   0x000000000001ee89       0x47 Core/Src/main.o
 .debug_macro   0x000000000001eed0      0x12d Core/Src/main.o
 .debug_macro   0x000000000001effd       0x1c Core/Src/main.o
 .debug_macro   0x000000000001f019       0x46 Core/Src/main.o
 .debug_macro   0x000000000001f05f       0x18 Core/Src/main.o
 .debug_macro   0x000000000001f077       0x3c Core/Src/main.o
 .debug_macro   0x000000000001f0b3       0x34 Core/Src/main.o
 .debug_macro   0x000000000001f0e7       0x16 Core/Src/main.o
 .debug_macro   0x000000000001f0fd       0x35 Core/Src/main.o
 .debug_macro   0x000000000001f132      0x32a Core/Src/main.o
 .debug_macro   0x000000000001f45c       0x10 Core/Src/main.o
 .debug_macro   0x000000000001f46c       0x52 Core/Src/main.o
 .debug_macro   0x000000000001f4be       0x1f Core/Src/main.o
 .debug_macro   0x000000000001f4dd       0x43 Core/Src/main.o
 .debug_macro   0x000000000001f520       0x20 Core/Src/main.o
 .debug_macro   0x000000000001f540      0x1a3 Core/Src/main.o
 .debug_macro   0x000000000001f6e3       0x10 Core/Src/main.o
 .debug_macro   0x000000000001f6f3       0x1c Core/Src/main.o
 .debug_macro   0x000000000001f70f       0x52 Core/Src/main.o
 .debug_macro   0x000000000001f761       0x40 Core/Src/main.o
 .debug_macro   0x000000000001f7a1       0x10 Core/Src/main.o
 .debug_macro   0x000000000001f7b1       0x40 Core/Src/main.o
 .debug_macro   0x000000000001f7f1       0xd7 Core/Src/main.o
 .debug_macro   0x000000000001f8c8       0x1c Core/Src/main.o
 .debug_macro   0x000000000001f8e4       0x3d Core/Src/main.o
 .debug_macro   0x000000000001f921       0x16 Core/Src/main.o
 .debug_macro   0x000000000001f937      0x145 Core/Src/main.o
 .debug_macro   0x000000000001fa7c      0x1ec Core/Src/stm32f4xx_hal_msp.o
 .debug_macro   0x000000000001fc68      0x1f6 Core/Src/stm32f4xx_it.o
 .debug_macro   0x000000000001fe5e      0x1e3 Core/Src/system_stm32f4xx.o
 .debug_macro   0x0000000000020041      0x23d Drivers/STM32F4xx_HAL_Driver/Src/stm32f4xx_hal.o
 .debug_macro   0x000000000002027e      0x1de Drivers/STM32F4xx_HAL_Driver/Src/stm32f4xx_hal_adc.o
 .debug_macro   0x000000000002045c      0x1dd Drivers/STM32F4xx_HAL_Driver/Src/stm32f4xx_hal_adc_ex.o
 .debug_macro   0x0000000000020639      0x1dd Drivers/STM32F4xx_HAL_Driver/Src/stm32f4xx_hal_cortex.o
 .debug_macro   0x0000000000020816      0x213 Drivers/STM32F4xx_HAL_Driver/Src/stm32f4xx_hal_gpio.o
 .debug_macro   0x0000000000020a29      0x201 Drivers/STM32F4xx_HAL_Driver/Src/stm32f4xx_hal_rcc.o
 .debug_macro   0x0000000000020c2a      0x1de Drivers/STM32F4xx_HAL_Driver/Src/stm32f4xx_hal_tim.o
 .debug_macro   0x0000000000020e08      0x1dd Drivers/STM32F4xx_HAL_Driver/Src/stm32f4xx_hal_tim_ex.o

.debug_line     0x0000000000000000     0x847e
 .debug_line    0x0000000000000000      0xce2 Core/Src/main.o
 .debug_line    0x0000000000000ce2      0x7d6 Core/Src/stm32f4xx_hal_msp.o
 .debug_line    0x00000000000014b8      0x802 Core/Src/stm32f4xx_it.o
 .debug_line    0x0000000000001cba      0x6f5 Core/Src/system_stm32f4xx.o
 .debug_line    0x00000000000023af       0x85 Core/Startup/startup_stm32f407vgtx.o
 .debug_line    0x0000000000002434      0x8df Drivers/STM32F4xx_HAL_Driver/Src/stm32f4xx_hal.o
 .debug_line    0x0000000000002d13      0xb44 Drivers/STM32F4xx_HAL_Driver/Src/stm32f4xx_hal_adc.o
 .debug_line    0x0000000000003857      0x9e2 Drivers/STM32F4xx_HAL_Driver/Src/stm32f4xx_hal_adc_ex.o
 .debug_line    0x0000000000004239      0xa03 Drivers/STM32F4xx_HAL_Driver/Src/stm32f4xx_hal_cortex.o
 .debug_line    0x0000000000004c3c      0x8be Drivers/STM32F4xx_HAL_Driver/Src/stm32f4xx_hal_gpio.o
 .debug_line    0x00000000000054fa      0x937 Drivers/STM32F4xx_HAL_Driver/Src/stm32f4xx_hal_rcc.o
 .debug_line    0x0000000000005e31     0x1958 Drivers/STM32F4xx_HAL_Driver/Src/stm32f4xx_hal_tim.o
 .debug_line    0x0000000000007789      0xcf5 Drivers/STM32F4xx_HAL_Driver/Src/stm32f4xx_hal_tim_ex.o

.debug_str      0x0000000000000000    0xcc1fe
 .debug_str     0x0000000000000000    0xc9b3f Core/Src/main.o
                                      0xc9f81 (size before relaxing)
 .debug_str     0x00000000000c9b3f       0xc8 Core/Src/stm32f4xx_hal_msp.o
                                      0xc5952 (size before relaxing)
 .debug_str     0x00000000000c9c07      0x129 Core/Src/stm32f4xx_it.o
                                      0xc5371 (size before relaxing)
 .debug_str     0x00000000000c9d30       0xc4 Core/Src/system_stm32f4xx.o
                                      0xc4dd2 (size before relaxing)
 .debug_str     0x00000000000c9df4       0x36 Core/Startup/startup_stm32f407vgtx.o
                                         0x99 (size before relaxing)
 .debug_str     0x00000000000c9e2a      0x58d Drivers/STM32F4xx_HAL_Driver/Src/stm32f4xx_hal.o
                                      0xc589f (size before relaxing)
 .debug_str     0x00000000000ca3b7      0x284 Drivers/STM32F4xx_HAL_Driver/Src/stm32f4xx_hal_adc.o
                                      0xc5369 (size before relaxing)
 .debug_str     0x00000000000ca63b      0x302 Drivers/STM32F4xx_HAL_Driver/Src/stm32f4xx_hal_adc_ex.o
                                      0xc53a3 (size before relaxing)
 .debug_str     0x00000000000ca93d      0x397 Drivers/STM32F4xx_HAL_Driver/Src/stm32f4xx_hal_cortex.o
                                      0xc568e (size before relaxing)
 .debug_str     0x00000000000cacd4      0x1ec Drivers/STM32F4xx_HAL_Driver/Src/stm32f4xx_hal_gpio.o
                                      0xc5011 (size before relaxing)
 .debug_str     0x00000000000caec0      0x259 Drivers/STM32F4xx_HAL_Driver/Src/stm32f4xx_hal_rcc.o
                                      0xc51bf (size before relaxing)
 .debug_str     0x00000000000cb119      0xc43 Drivers/STM32F4xx_HAL_Driver/Src/stm32f4xx_hal_tim.o
                                      0xc5ede (size before relaxing)
 .debug_str     0x00000000000cbd5c      0x4a2 Drivers/STM32F4xx_HAL_Driver/Src/stm32f4xx_hal_tim_ex.o
                                      0xc56de (size before relaxing)

.comment        0x0000000000000000       0x7b
 .comment       0x0000000000000000       0x7b Core/Src/main.o
                                         0x7c (size before relaxing)
 .comment       0x000000000000007b       0x7c Core/Src/stm32f4xx_hal_msp.o
 .comment       0x000000000000007b       0x7c Core/Src/stm32f4xx_it.o
 .comment       0x000000000000007b       0x7c Core/Src/system_stm32f4xx.o
 .comment       0x000000000000007b       0x7c Drivers/STM32F4xx_HAL_Driver/Src/stm32f4xx_hal.o
 .comment       0x000000000000007b       0x7c Drivers/STM32F4xx_HAL_Driver/Src/stm32f4xx_hal_adc.o
 .comment       0x000000000000007b       0x7c Drivers/STM32F4xx_HAL_Driver/Src/stm32f4xx_hal_adc_ex.o
 .comment       0x000000000000007b       0x7c Drivers/STM32F4xx_HAL_Driver/Src/stm32f4xx_hal_cortex.o
 .comment       0x000000000000007b       0x7c Drivers/STM32F4xx_HAL_Driver/Src/stm32f4xx_hal_gpio.o
 .comment       0x000000000000007b       0x7c Drivers/STM32F4xx_HAL_Driver/Src/stm32f4xx_hal_rcc.o
 .comment       0x000000000000007b       0x7c Drivers/STM32F4xx_HAL_Driver/Src/stm32f4xx_hal_tim.o
 .comment       0x000000000000007b       0x7c Drivers/STM32F4xx_HAL_Driver/Src/stm32f4xx_hal_tim_ex.o

.debug_frame    0x0000000000000000     0x30fc
 .debug_frame   0x0000000000000000      0x36c Core/Src/main.o
 .debug_frame   0x000000000000036c      0x13c Core/Src/stm32f4xx_hal_msp.o
 .debug_frame   0x00000000000004a8      0x1c8 Core/Src/stm32f4xx_it.o
 .debug_frame   0x0000000000000670       0x58 Core/Src/system_stm32f4xx.o
 .debug_frame   0x00000000000006c8      0x374 Drivers/STM32F4xx_HAL_Driver/Src/stm32f4xx_hal.o
 .debug_frame   0x0000000000000a3c      0x3fc Drivers/STM32F4xx_HAL_Driver/Src/stm32f4xx_hal_adc.o
 .debug_frame   0x0000000000000e38      0x250 Drivers/STM32F4xx_HAL_Driver/Src/stm32f4xx_hal_adc_ex.o
 .debug_frame   0x0000000000001088      0x498 Drivers/STM32F4xx_HAL_Driver/Src/stm32f4xx_hal_cortex.o
 .debug_frame   0x0000000000001520      0x14c Drivers/STM32F4xx_HAL_Driver/Src/stm32f4xx_hal_gpio.o
 .debug_frame   0x000000000000166c      0x1f0 Drivers/STM32F4xx_HAL_Driver/Src/stm32f4xx_hal_rcc.o
 .debug_frame   0x000000000000185c     0x10f0 Drivers/STM32F4xx_HAL_Driver/Src/stm32f4xx_hal_tim.o
 .debug_frame   0x000000000000294c      0x5c0 Drivers/STM32F4xx_HAL_Driver/Src/stm32f4xx_hal_tim_ex.o
 .debug_frame   0x0000000000002f0c       0x2c c:/st/stm32cubeide_1.4.0/stm32cubeide/plugins/com.st.stm32cube.ide.mcu.externaltools.gnu-tools-for-stm32.7-2018-q2-update.win32_1.5.0.202011040924/tools/bin/../lib/gcc/arm-none-eabi/7.3.1/../../../../arm-none-eabi/lib/thumb/v7e-m/fpv4-sp/hard\libc_nano.a(lib_a-init.o)
 .debug_frame   0x0000000000002f38       0x20 c:/st/stm32cubeide_1.4.0/stm32cubeide/plugins/com.st.stm32cube.ide.mcu.externaltools.gnu-tools-for-stm32.7-2018-q2-update.win32_1.5.0.202011040924/tools/bin/../lib/gcc/arm-none-eabi/7.3.1/../../../../arm-none-eabi/lib/thumb/v7e-m/fpv4-sp/hard\libc_nano.a(lib_a-memset.o)
 .debug_frame   0x0000000000002f58       0xac c:/st/stm32cubeide_1.4.0/stm32cubeide/plugins/com.st.stm32cube.ide.mcu.externaltools.gnu-tools-for-stm32.7-2018-q2-update.win32_1.5.0.202011040924/tools/bin/../lib/gcc/arm-none-eabi/7.3.1/thumb/v7e-m/fpv4-sp/hard\libgcc.a(_arm_addsubdf3.o)
 .debug_frame   0x0000000000003004       0x50 c:/st/stm32cubeide_1.4.0/stm32cubeide/plugins/com.st.stm32cube.ide.mcu.externaltools.gnu-tools-for-stm32.7-2018-q2-update.win32_1.5.0.202011040924/tools/bin/../lib/gcc/arm-none-eabi/7.3.1/thumb/v7e-m/fpv4-sp/hard\libgcc.a(_arm_muldivdf3.o)
 .debug_frame   0x0000000000003054       0x24 c:/st/stm32cubeide_1.4.0/stm32cubeide/plugins/com.st.stm32cube.ide.mcu.externaltools.gnu-tools-for-stm32.7-2018-q2-update.win32_1.5.0.202011040924/tools/bin/../lib/gcc/arm-none-eabi/7.3.1/thumb/v7e-m/fpv4-sp/hard\libgcc.a(_arm_fixunsdfsi.o)
 .debug_frame   0x0000000000003078       0x24 c:/st/stm32cubeide_1.4.0/stm32cubeide/plugins/com.st.stm32cube.ide.mcu.externaltools.gnu-tools-for-stm32.7-2018-q2-update.win32_1.5.0.202011040924/tools/bin/../lib/gcc/arm-none-eabi/7.3.1/thumb/v7e-m/fpv4-sp/hard\libgcc.a(_arm_truncdfsf2.o)
 .debug_frame   0x000000000000309c       0x2c c:/st/stm32cubeide_1.4.0/stm32cubeide/plugins/com.st.stm32cube.ide.mcu.externaltools.gnu-tools-for-stm32.7-2018-q2-update.win32_1.5.0.202011040924/tools/bin/../lib/gcc/arm-none-eabi/7.3.1/thumb/v7e-m/fpv4-sp/hard\libgcc.a(_aeabi_uldivmod.o)
 .debug_frame   0x00000000000030c8       0x34 c:/st/stm32cubeide_1.4.0/stm32cubeide/plugins/com.st.stm32cube.ide.mcu.externaltools.gnu-tools-for-stm32.7-2018-q2-update.win32_1.5.0.202011040924/tools/bin/../lib/gcc/arm-none-eabi/7.3.1/thumb/v7e-m/fpv4-sp/hard\libgcc.a(_udivmoddi4.o)
