main.c:100:6:HAL_ADC_ConvCpltCallback	16	static
main.c:113:6:Ventilador	8	static
main.c:120:6:HAL_GPIO_EXTI_Callback	16	static
main.c:149:5:debouncerbut3	24	static
main.c:181:5:debouncerbut4	24	static
main.c:213:5:debouncerbut6	24	static
main.c:245:5:debouncerbut5	24	static
main.c:277:6:lightOnOFF	16	static
main.c:296:6:LucesExteriores	8	static
main.c:346:6:garagecontrol	16	static
main.c:407:6:HAL_TIM_IC_CaptureCallback	24	static
main.c:444:6:HCSR04_Read	8	static
main.c:453:5:debouncer	24	static
main.c:484:6:CAMARA_SEGURIDAD	16	static
main.c:552:5:main	8	static
main.c:613:6:SystemClock_Config	88	static
main.c:658:13:MX_ADC1_Init	24	static
main.c:708:13:MX_ADC2_Init	24	static
main.c:758:13:MX_TIM1_Init	32	static
main.c:807:13:MX_TIM2_Init	64	static
main.c:866:13:MX_TIM4_Init	64	static
main.c:925:13:MX_TIM6_Init	16	static
main.c:963:13:MX_TIM9_Init	56	static
main.c:1015:13:MX_GPIO_Init	56	static
main.c:1115:6:Error_Handler	4	static,ignoring_inline_asm
